{"synthetic": false,
 "schemaVersion": "2025-09-10",
 "outputs":
 {"o": ["6855ae3c6196a949.olean"],
  "m": false,
  "i": "cad224ac151cf9a9.ilean",
  "c": "527d2158907e1fe6.c"},
 "log":
 [{"message":
   ".> LEAN_PATH=/Users/augustusthwack/Documents/Spectra/.lake/packages/Cli/.lake/build/lib/lean:/Users/augustusthwack/Documents/Spectra/.lake/packages/batteries/.lake/build/lib/lean:/Users/augustusthwack/Documents/Spectra/.lake/packages/Qq/.lake/build/lib/lean:/Users/augustusthwack/Documents/Spectra/.lake/packages/aesop/.lake/build/lib/lean:/Users/augustusthwack/Documents/Spectra/.lake/packages/proofwidgets/.lake/build/lib/lean:/Users/augustusthwack/Documents/Spectra/.lake/packages/importGraph/.lake/build/lib/lean:/Users/augustusthwack/Documents/Spectra/.lake/packages/LeanSearchClient/.lake/build/lib/lean:/Users/augustusthwack/Documents/Spectra/.lake/packages/plausible/.lake/build/lib/lean:/Users/augustusthwack/Documents/Spectra/.lake/packages/mathlib/.lake/build/lib/lean:/Users/augustusthwack/Documents/Spectra/.lake/build/lib/lean /Users/augustusthwack/.elan/toolchains/leanprover--lean4---v4.31.0-rc1/bin/lean /Users/augustusthwack/Documents/Spectra/Spectra/UnitaryEvolution/BochnerIntegration/Domain.lean -o /Users/augustusthwack/Documents/Spectra/.lake/build/lib/lean/Spectra/UnitaryEvolution/BochnerIntegration/Domain.olean -i /Users/augustusthwack/Documents/Spectra/.lake/build/lib/lean/Spectra/UnitaryEvolution/BochnerIntegration/Domain.ilean -c /Users/augustusthwack/Documents/Spectra/.lake/build/ir/Spectra/UnitaryEvolution/BochnerIntegration/Domain.c --setup /Users/augustusthwack/Documents/Spectra/.lake/build/ir/Spectra/UnitaryEvolution/BochnerIntegration/Domain.setup.json --json",
   "level": "trace"}],
 "inputs":
 [["Spectra.UnitaryEvolution.BochnerIntegration.Domain:deps",
   [["deps",
     [["Spectra/Spectra:extraDep", [["@Spectra:extraDep", "00000000000006bb"]]],
      ["imports",
       [["Spectra.UnitaryEvolution.BochnerIntegration.Limits transitive imports (legacy)",
         "2d66048dc97bddd0"],
        ["Spectra.UnitaryEvolution.BochnerIntegration.Limits:importAllArts",
         "950ce2f35393fb24"],
        ["Mathlib.Probability.Distributions.Gaussian.Real transitive imports (legacy)",
         "a9bb1b0ecade06c6"],
        ["Mathlib.Probability.Distributions.Gaussian.Real:importAllArts",
         "ca235bfae3cc739a"]]]]],
    ["libs",
     [["import dynlibs", "00000000000006bb"],
      ["package external libraries", "00000000000006bb"],
      ["module dynlibs", "00000000000006bb"],
      ["module plugins", "00000000000006bb"]]]]],
  ["Lean 4.31.0, commit fd009949156901e6cf15b6d9bf1122294b8e697a",
   "148386281e429e9a"],
  ["/Users/augustusthwack/Documents/Spectra/Spectra/UnitaryEvolution/BochnerIntegration/Domain.lean",
   "a9d76d4a6fb2b16d"],
  ["options", "00000000000006bb"],
  ["isModule: false", "feefd2a0d3a1847e"],
  ["Module.name: Spectra.UnitaryEvolution.BochnerIntegration.Domain",
   "2fe23ebf4799a222"],
  ["Package.id?: (some Spectra)", "de880eb060c0010b"],
  ["Module.leanArgs: #[]", "00000000000006bb"]],
 "depHash": "411c3f128e13d05e"}