{"synthetic": false,
 "schemaVersion": "2025-09-10",
 "outputs":
 {"o": ["95e61feea8c09b6d.olean"],
  "m": false,
  "i": "fb1d9e2dfeafac79.ilean",
  "c": "b2191424450a5a19.c"},
 "log":
 [{"message":
   ".> LEAN_PATH=/Users/augustusthwack/Documents/Spectra/.lake/packages/Cli/.lake/build/lib/lean:/Users/augustusthwack/Documents/Spectra/.lake/packages/batteries/.lake/build/lib/lean:/Users/augustusthwack/Documents/Spectra/.lake/packages/Qq/.lake/build/lib/lean:/Users/augustusthwack/Documents/Spectra/.lake/packages/aesop/.lake/build/lib/lean:/Users/augustusthwack/Documents/Spectra/.lake/packages/proofwidgets/.lake/build/lib/lean:/Users/augustusthwack/Documents/Spectra/.lake/packages/importGraph/.lake/build/lib/lean:/Users/augustusthwack/Documents/Spectra/.lake/packages/LeanSearchClient/.lake/build/lib/lean:/Users/augustusthwack/Documents/Spectra/.lake/packages/plausible/.lake/build/lib/lean:/Users/augustusthwack/Documents/Spectra/.lake/packages/mathlib/.lake/build/lib/lean:/Users/augustusthwack/Documents/Spectra/.lake/build/lib/lean /Users/augustusthwack/.elan/toolchains/leanprover--lean4---v4.31.0-rc1/bin/lean /Users/augustusthwack/Documents/Spectra/Spectra/UnitaryEvolution/BochnerIntegration/Limits/Plus.lean -o /Users/augustusthwack/Documents/Spectra/.lake/build/lib/lean/Spectra/UnitaryEvolution/BochnerIntegration/Limits/Plus.olean -i /Users/augustusthwack/Documents/Spectra/.lake/build/lib/lean/Spectra/UnitaryEvolution/BochnerIntegration/Limits/Plus.ilean -c /Users/augustusthwack/Documents/Spectra/.lake/build/ir/Spectra/UnitaryEvolution/BochnerIntegration/Limits/Plus.c --setup /Users/augustusthwack/Documents/Spectra/.lake/build/ir/Spectra/UnitaryEvolution/BochnerIntegration/Limits/Plus.setup.json --json",
   "level": "trace"}],
 "inputs":
 [["Spectra.UnitaryEvolution.BochnerIntegration.Limits.Plus:deps",
   [["deps",
     [["Spectra/Spectra:extraDep", [["@Spectra:extraDep", "00000000000006bb"]]],
      ["imports",
       [["Spectra.UnitaryEvolution.BochnerIntegration.Limits.Helpers transitive imports (legacy)",
         "30207442e9dec813"],
        ["Spectra.UnitaryEvolution.BochnerIntegration.Limits.Helpers:importAllArts",
         "cdf31e210c665da5"]]]]],
    ["libs",
     [["import dynlibs", "00000000000006bb"],
      ["package external libraries", "00000000000006bb"],
      ["module dynlibs", "00000000000006bb"],
      ["module plugins", "00000000000006bb"]]]]],
  ["Lean 4.31.0, commit fd009949156901e6cf15b6d9bf1122294b8e697a",
   "148386281e429e9a"],
  ["/Users/augustusthwack/Documents/Spectra/Spectra/UnitaryEvolution/BochnerIntegration/Limits/Plus.lean",
   "1d4654898a4ce1c6"],
  ["options", "00000000000006bb"],
  ["isModule: false", "feefd2a0d3a1847e"],
  ["Module.name: Spectra.UnitaryEvolution.BochnerIntegration.Limits.Plus",
   "c4204a15371607d2"],
  ["Package.id?: (some Spectra)", "de880eb060c0010b"],
  ["Module.leanArgs: #[]", "00000000000006bb"]],
 "depHash": "7086ce1bf16a6cb9"}