{"synthetic": false,
 "schemaVersion": "2025-09-10",
 "outputs":
 {"o": ["e0a40b5dfbd4cf69.olean"],
  "m": false,
  "i": "4589af808a968dd6.ilean",
  "c": "e0dedf1ae9d562f4.c"},
 "log":
 [{"message":
   ".> LEAN_PATH=/Users/augustusthwack/Documents/Spectra/.lake/packages/Cli/.lake/build/lib/lean:/Users/augustusthwack/Documents/Spectra/.lake/packages/batteries/.lake/build/lib/lean:/Users/augustusthwack/Documents/Spectra/.lake/packages/Qq/.lake/build/lib/lean:/Users/augustusthwack/Documents/Spectra/.lake/packages/aesop/.lake/build/lib/lean:/Users/augustusthwack/Documents/Spectra/.lake/packages/proofwidgets/.lake/build/lib/lean:/Users/augustusthwack/Documents/Spectra/.lake/packages/importGraph/.lake/build/lib/lean:/Users/augustusthwack/Documents/Spectra/.lake/packages/LeanSearchClient/.lake/build/lib/lean:/Users/augustusthwack/Documents/Spectra/.lake/packages/plausible/.lake/build/lib/lean:/Users/augustusthwack/Documents/Spectra/.lake/packages/mathlib/.lake/build/lib/lean:/Users/augustusthwack/Documents/Spectra/.lake/build/lib/lean /Users/augustusthwack/.elan/toolchains/leanprover--lean4---v4.31.0-rc1/bin/lean /Users/augustusthwack/Documents/Spectra/Spectra/UnitaryEvolution/Yosida/Basic.lean -o /Users/augustusthwack/Documents/Spectra/.lake/build/lib/lean/Spectra/UnitaryEvolution/Yosida/Basic.olean -i /Users/augustusthwack/Documents/Spectra/.lake/build/lib/lean/Spectra/UnitaryEvolution/Yosida/Basic.ilean -c /Users/augustusthwack/Documents/Spectra/.lake/build/ir/Spectra/UnitaryEvolution/Yosida/Basic.c --setup /Users/augustusthwack/Documents/Spectra/.lake/build/ir/Spectra/UnitaryEvolution/Yosida/Basic.setup.json --json",
   "level": "trace"}],
 "inputs":
 [["Spectra.UnitaryEvolution.Yosida.Basic:deps",
   [["deps",
     [["Spectra/Spectra:extraDep", [["@Spectra:extraDep", "00000000000006bb"]]],
      ["imports",
       [["Spectra.UnitaryEvolution.Resolvent.Analytic transitive imports (legacy)",
         "8d3a1c955f91b977"],
        ["Spectra.UnitaryEvolution.Resolvent.Analytic:importAllArts",
         "dc348832115192e3"]]]]],
    ["libs",
     [["import dynlibs", "00000000000006bb"],
      ["package external libraries", "00000000000006bb"],
      ["module dynlibs", "00000000000006bb"],
      ["module plugins", "00000000000006bb"]]]]],
  ["Lean 4.31.0, commit fd009949156901e6cf15b6d9bf1122294b8e697a",
   "148386281e429e9a"],
  ["/Users/augustusthwack/Documents/Spectra/Spectra/UnitaryEvolution/Yosida/Basic.lean",
   "632852e7a16bddce"],
  ["options", "00000000000006bb"],
  ["isModule: false", "feefd2a0d3a1847e"],
  ["Module.name: Spectra.UnitaryEvolution.Yosida.Basic", "25f6b8b9137f993c"],
  ["Package.id?: (some Spectra)", "de880eb060c0010b"],
  ["Module.leanArgs: #[]", "00000000000006bb"]],
 "depHash": "641240f48a3d4379"}