{"synthetic": false,
 "schemaVersion": "2025-09-10",
 "outputs":
 {"o": ["c498f26e673af5b1.olean"],
  "m": false,
  "i": "6ee157e68bdcb1dd.ilean",
  "c": "cab10e7e67fb9ce3.c"},
 "log":
 [{"message":
   ".> LEAN_PATH=/Users/augustusthwack/Documents/Spectra/.lake/packages/Cli/.lake/build/lib/lean:/Users/augustusthwack/Documents/Spectra/.lake/packages/batteries/.lake/build/lib/lean:/Users/augustusthwack/Documents/Spectra/.lake/packages/Qq/.lake/build/lib/lean:/Users/augustusthwack/Documents/Spectra/.lake/packages/aesop/.lake/build/lib/lean:/Users/augustusthwack/Documents/Spectra/.lake/packages/proofwidgets/.lake/build/lib/lean:/Users/augustusthwack/Documents/Spectra/.lake/packages/importGraph/.lake/build/lib/lean:/Users/augustusthwack/Documents/Spectra/.lake/packages/LeanSearchClient/.lake/build/lib/lean:/Users/augustusthwack/Documents/Spectra/.lake/packages/plausible/.lake/build/lib/lean:/Users/augustusthwack/Documents/Spectra/.lake/packages/mathlib/.lake/build/lib/lean:/Users/augustusthwack/Documents/Spectra/.lake/build/lib/lean /Users/augustusthwack/.elan/toolchains/leanprover--lean4---v4.31.0-rc1/bin/lean /Users/augustusthwack/Documents/Spectra/Spectra/UnitaryEvolution/Yosida/Exponential.lean -o /Users/augustusthwack/Documents/Spectra/.lake/build/lib/lean/Spectra/UnitaryEvolution/Yosida/Exponential.olean -i /Users/augustusthwack/Documents/Spectra/.lake/build/lib/lean/Spectra/UnitaryEvolution/Yosida/Exponential.ilean -c /Users/augustusthwack/Documents/Spectra/.lake/build/ir/Spectra/UnitaryEvolution/Yosida/Exponential.c --setup /Users/augustusthwack/Documents/Spectra/.lake/build/ir/Spectra/UnitaryEvolution/Yosida/Exponential.setup.json --json",
   "level": "trace"}],
 "inputs":
 [["Spectra.UnitaryEvolution.Yosida.Exponential:deps",
   [["deps",
     [["Spectra/Spectra:extraDep", [["@Spectra:extraDep", "00000000000006bb"]]],
      ["imports",
       [["Spectra.UnitaryEvolution.Yosida.Duhamel.Estimate transitive imports (legacy)",
         "6171acff7a35930f"],
        ["Spectra.UnitaryEvolution.Yosida.Duhamel.Estimate:importAllArts",
         "3c982c95cb42cb2a"],
        ["Spectra.UnitaryEvolution.Yosida.Duhamel.Formula transitive imports (legacy)",
         "b7de26ace248f53f"],
        ["Spectra.UnitaryEvolution.Yosida.Duhamel.Formula:importAllArts",
         "f0af7a5a851b5d62"],
        ["Spectra.UnitaryEvolution.Yosida.Symmetry transitive imports (legacy)",
         "b8975112081192c9"],
        ["Spectra.UnitaryEvolution.Yosida.Symmetry:importAllArts",
         "6cd15ff0d89ad7f1"],
        ["Spectra.UnitaryEvolution.Yosida.ExpBounded.Unitary transitive imports (legacy)",
         "c0def32e382f8476"],
        ["Spectra.UnitaryEvolution.Yosida.ExpBounded.Unitary:importAllArts",
         "ca485e3a490dc0c1"],
        ["Spectra.UnitaryEvolution.Yosida.Convergence.Approximants transitive imports (legacy)",
         "f8d734d522896958"],
        ["Spectra.UnitaryEvolution.Yosida.Convergence.Approximants:importAllArts",
         "5d774183535a8864"]]]]],
    ["libs",
     [["import dynlibs", "00000000000006bb"],
      ["package external libraries", "00000000000006bb"],
      ["module dynlibs", "00000000000006bb"],
      ["module plugins", "00000000000006bb"]]]]],
  ["Lean 4.31.0, commit fd009949156901e6cf15b6d9bf1122294b8e697a",
   "148386281e429e9a"],
  ["/Users/augustusthwack/Documents/Spectra/Spectra/UnitaryEvolution/Yosida/Exponential.lean",
   "9c3133c2e213c48e"],
  ["options", "00000000000006bb"],
  ["isModule: false", "feefd2a0d3a1847e"],
  ["Module.name: Spectra.UnitaryEvolution.Yosida.Exponential",
   "6e6e9a39c467e22a"],
  ["Package.id?: (some Spectra)", "de880eb060c0010b"],
  ["Module.leanArgs: #[]", "00000000000006bb"]],
 "depHash": "db2c776af5978d5a"}