{"synthetic": false,
 "schemaVersion": "2025-09-10",
 "outputs":
 {"o": ["dbe52cf0837dbc27.olean"],
  "m": false,
  "i": "16b07c5378f61daa.ilean",
  "c": "a71a1b27c99a669f.c"},
 "log":
 [{"message":
   ".> LEAN_PATH=/Users/augustusthwack/Documents/Spectra/.lake/packages/Cli/.lake/build/lib/lean:/Users/augustusthwack/Documents/Spectra/.lake/packages/batteries/.lake/build/lib/lean:/Users/augustusthwack/Documents/Spectra/.lake/packages/Qq/.lake/build/lib/lean:/Users/augustusthwack/Documents/Spectra/.lake/packages/aesop/.lake/build/lib/lean:/Users/augustusthwack/Documents/Spectra/.lake/packages/proofwidgets/.lake/build/lib/lean:/Users/augustusthwack/Documents/Spectra/.lake/packages/importGraph/.lake/build/lib/lean:/Users/augustusthwack/Documents/Spectra/.lake/packages/LeanSearchClient/.lake/build/lib/lean:/Users/augustusthwack/Documents/Spectra/.lake/packages/plausible/.lake/build/lib/lean:/Users/augustusthwack/Documents/Spectra/.lake/packages/mathlib/.lake/build/lib/lean:/Users/augustusthwack/Documents/Spectra/.lake/build/lib/lean /Users/augustusthwack/.elan/toolchains/leanprover--lean4---v4.31.0-rc1/bin/lean /Users/augustusthwack/Documents/Spectra/Spectra/UnitaryEvolution/Yosida/Duhamel/Estimate.lean -o /Users/augustusthwack/Documents/Spectra/.lake/build/lib/lean/Spectra/UnitaryEvolution/Yosida/Duhamel/Estimate.olean -i /Users/augustusthwack/Documents/Spectra/.lake/build/lib/lean/Spectra/UnitaryEvolution/Yosida/Duhamel/Estimate.ilean -c /Users/augustusthwack/Documents/Spectra/.lake/build/ir/Spectra/UnitaryEvolution/Yosida/Duhamel/Estimate.c --setup /Users/augustusthwack/Documents/Spectra/.lake/build/ir/Spectra/UnitaryEvolution/Yosida/Duhamel/Estimate.setup.json --json",
   "level": "trace"}],
 "inputs":
 [["Spectra.UnitaryEvolution.Yosida.Duhamel.Estimate:deps",
   [["deps",
     [["Spectra/Spectra:extraDep", [["@Spectra:extraDep", "00000000000006bb"]]],
      ["imports",
       [["Spectra.UnitaryEvolution.Yosida.Duhamel.Formula transitive imports (legacy)",
         "b7de26ace248f53f"],
        ["Spectra.UnitaryEvolution.Yosida.Duhamel.Formula:importAllArts",
         "f0af7a5a851b5d62"]]]]],
    ["libs",
     [["import dynlibs", "00000000000006bb"],
      ["package external libraries", "00000000000006bb"],
      ["module dynlibs", "00000000000006bb"],
      ["module plugins", "00000000000006bb"]]]]],
  ["Lean 4.31.0, commit fd009949156901e6cf15b6d9bf1122294b8e697a",
   "148386281e429e9a"],
  ["/Users/augustusthwack/Documents/Spectra/Spectra/UnitaryEvolution/Yosida/Duhamel/Estimate.lean",
   "3a6013ef546074cf"],
  ["options", "00000000000006bb"],
  ["isModule: false", "feefd2a0d3a1847e"],
  ["Module.name: Spectra.UnitaryEvolution.Yosida.Duhamel.Estimate",
   "d03f49cbdc2c0996"],
  ["Package.id?: (some Spectra)", "de880eb060c0010b"],
  ["Module.leanArgs: #[]", "00000000000006bb"]],
 "depHash": "3dcc57a65d81ab40"}