{"synthetic": false,
 "schemaVersion": "2025-09-10",
 "outputs":
 {"o": ["7995363b6c51aea6.olean"],
  "m": false,
  "i": "6455d3a4f18cbf75.ilean",
  "c": "ceeceb0a1fb308bf.c"},
 "log":
 [{"message":
   ".> LEAN_PATH=/Users/augustusthwack/Documents/Spectra/.lake/packages/Cli/.lake/build/lib/lean:/Users/augustusthwack/Documents/Spectra/.lake/packages/batteries/.lake/build/lib/lean:/Users/augustusthwack/Documents/Spectra/.lake/packages/Qq/.lake/build/lib/lean:/Users/augustusthwack/Documents/Spectra/.lake/packages/aesop/.lake/build/lib/lean:/Users/augustusthwack/Documents/Spectra/.lake/packages/proofwidgets/.lake/build/lib/lean:/Users/augustusthwack/Documents/Spectra/.lake/packages/importGraph/.lake/build/lib/lean:/Users/augustusthwack/Documents/Spectra/.lake/packages/LeanSearchClient/.lake/build/lib/lean:/Users/augustusthwack/Documents/Spectra/.lake/packages/plausible/.lake/build/lib/lean:/Users/augustusthwack/Documents/Spectra/.lake/packages/mathlib/.lake/build/lib/lean:/Users/augustusthwack/Documents/Spectra/.lake/build/lib/lean /Users/augustusthwack/.elan/toolchains/leanprover--lean4---v4.31.0-rc1/bin/lean /Users/augustusthwack/Documents/Spectra/Spectra/UnitaryEvolution/Yosida/ExpBounded/Unitary.lean -o /Users/augustusthwack/Documents/Spectra/.lake/build/lib/lean/Spectra/UnitaryEvolution/Yosida/ExpBounded/Unitary.olean -i /Users/augustusthwack/Documents/Spectra/.lake/build/lib/lean/Spectra/UnitaryEvolution/Yosida/ExpBounded/Unitary.ilean -c /Users/augustusthwack/Documents/Spectra/.lake/build/ir/Spectra/UnitaryEvolution/Yosida/ExpBounded/Unitary.c --setup /Users/augustusthwack/Documents/Spectra/.lake/build/ir/Spectra/UnitaryEvolution/Yosida/ExpBounded/Unitary.setup.json --json",
   "level": "trace"}],
 "inputs":
 [["Spectra.UnitaryEvolution.Yosida.ExpBounded.Unitary:deps",
   [["deps",
     [["Spectra/Spectra:extraDep", [["@Spectra:extraDep", "00000000000006bb"]]],
      ["imports",
       [["Spectra.UnitaryEvolution.Yosida.ExpBounded.Adjoint transitive imports (legacy)",
         "8422e2ca355ae703"],
        ["Spectra.UnitaryEvolution.Yosida.ExpBounded.Adjoint:importAllArts",
         "76d6c5fe0cc3ab63"]]]]],
    ["libs",
     [["import dynlibs", "00000000000006bb"],
      ["package external libraries", "00000000000006bb"],
      ["module dynlibs", "00000000000006bb"],
      ["module plugins", "00000000000006bb"]]]]],
  ["Lean 4.31.0, commit fd009949156901e6cf15b6d9bf1122294b8e697a",
   "148386281e429e9a"],
  ["/Users/augustusthwack/Documents/Spectra/Spectra/UnitaryEvolution/Yosida/ExpBounded/Unitary.lean",
   "f6ab93cf2b6fee4e"],
  ["options", "00000000000006bb"],
  ["isModule: false", "feefd2a0d3a1847e"],
  ["Module.name: Spectra.UnitaryEvolution.Yosida.ExpBounded.Unitary",
   "ba90c9eb3d73a135"],
  ["Package.id?: (some Spectra)", "de880eb060c0010b"],
  ["Module.leanArgs: #[]", "00000000000006bb"]],
 "depHash": "d57766a2b7a3282c"}