{"synthetic": false,
 "schemaVersion": "2025-09-10",
 "outputs":
 {"o": ["e6976c5b7e9b3118.olean"],
  "m": false,
  "i": "2708faa0656dc223.ilean",
  "c": "8d1a9d93f6df6ed2.c"},
 "log":
 [{"message":
   ".> LEAN_PATH=/Users/augustusthwack/Documents/Spectra/.lake/packages/Cli/.lake/build/lib/lean:/Users/augustusthwack/Documents/Spectra/.lake/packages/batteries/.lake/build/lib/lean:/Users/augustusthwack/Documents/Spectra/.lake/packages/Qq/.lake/build/lib/lean:/Users/augustusthwack/Documents/Spectra/.lake/packages/aesop/.lake/build/lib/lean:/Users/augustusthwack/Documents/Spectra/.lake/packages/proofwidgets/.lake/build/lib/lean:/Users/augustusthwack/Documents/Spectra/.lake/packages/importGraph/.lake/build/lib/lean:/Users/augustusthwack/Documents/Spectra/.lake/packages/LeanSearchClient/.lake/build/lib/lean:/Users/augustusthwack/Documents/Spectra/.lake/packages/plausible/.lake/build/lib/lean:/Users/augustusthwack/Documents/Spectra/.lake/packages/mathlib/.lake/build/lib/lean:/Users/augustusthwack/Documents/Spectra/.lake/build/lib/lean /Users/augustusthwack/.elan/toolchains/leanprover--lean4---v4.31.0-rc1/bin/lean /Users/augustusthwack/Documents/Spectra/Spectra/Uncertainty/Basic.lean -o /Users/augustusthwack/Documents/Spectra/.lake/build/lib/lean/Spectra/Uncertainty/Basic.olean -i /Users/augustusthwack/Documents/Spectra/.lake/build/lib/lean/Spectra/Uncertainty/Basic.ilean -c /Users/augustusthwack/Documents/Spectra/.lake/build/ir/Spectra/Uncertainty/Basic.c --setup /Users/augustusthwack/Documents/Spectra/.lake/build/ir/Spectra/Uncertainty/Basic.setup.json --json",
   "level": "trace"}],
 "inputs":
 [["Spectra.Uncertainty.Basic:deps",
   [["deps",
     [["Spectra/Spectra:extraDep", [["@Spectra:extraDep", "00000000000006bb"]]],
      ["imports",
       [["Mathlib.Analysis.InnerProductSpace.Basic transitive imports (legacy)",
         "e4cc3168a1f683c7"],
        ["Mathlib.Analysis.InnerProductSpace.Basic:importAllArts",
         "6932fcc2a0970f70"],
        ["Mathlib.Analysis.InnerProductSpace.Projection.Basic transitive imports (legacy)",
         "7f9d0dcfdc8ebcc0"],
        ["Mathlib.Analysis.InnerProductSpace.Projection.Basic:importAllArts",
         "94130ab362ee10c9"],
        ["Mathlib.Analysis.InnerProductSpace.Dual transitive imports (legacy)",
         "a25306b2c0ade83c"],
        ["Mathlib.Analysis.InnerProductSpace.Dual:importAllArts",
         "56acaf83d2ff8dbc"],
        ["Mathlib.Topology.MetricSpace.Basic transitive imports (legacy)",
         "987b716b8fc10695"],
        ["Mathlib.Topology.MetricSpace.Basic:importAllArts",
         "b35efac02a32c02c"],
        ["Mathlib.Data.Complex.Basic transitive imports (legacy)",
         "7b669b8a338b7cb7"],
        ["Mathlib.Data.Complex.Basic:importAllArts", "79b38a570e320181"]]]]],
    ["libs",
     [["import dynlibs", "00000000000006bb"],
      ["package external libraries", "00000000000006bb"],
      ["module dynlibs", "00000000000006bb"],
      ["module plugins", "00000000000006bb"]]]]],
  ["Lean 4.31.0, commit fd009949156901e6cf15b6d9bf1122294b8e697a",
   "148386281e429e9a"],
  ["/Users/augustusthwack/Documents/Spectra/Spectra/Uncertainty/Basic.lean",
   "07326d241731ea36"],
  ["options", "00000000000006bb"],
  ["isModule: false", "feefd2a0d3a1847e"],
  ["Module.name: Spectra.Uncertainty.Basic", "27ff46e0f4e4455d"],
  ["Package.id?: (some Spectra)", "de880eb060c0010b"],
  ["Module.leanArgs: #[]", "00000000000006bb"]],
 "depHash": "f5d2c82b79b6c811"}