{"synthetic": false,
 "schemaVersion": "2025-09-10",
 "outputs":
 {"o": ["5700422a7d2cb7f6.olean"],
  "m": false,
  "i": "e63bea9221913184.ilean",
  "c": "fd416a41d543990b.c"},
 "log":
 [{"message":
   ".> LEAN_PATH=/Users/augustusthwack/Documents/Spectra/.lake/packages/Cli/.lake/build/lib/lean:/Users/augustusthwack/Documents/Spectra/.lake/packages/batteries/.lake/build/lib/lean:/Users/augustusthwack/Documents/Spectra/.lake/packages/Qq/.lake/build/lib/lean:/Users/augustusthwack/Documents/Spectra/.lake/packages/aesop/.lake/build/lib/lean:/Users/augustusthwack/Documents/Spectra/.lake/packages/proofwidgets/.lake/build/lib/lean:/Users/augustusthwack/Documents/Spectra/.lake/packages/importGraph/.lake/build/lib/lean:/Users/augustusthwack/Documents/Spectra/.lake/packages/LeanSearchClient/.lake/build/lib/lean:/Users/augustusthwack/Documents/Spectra/.lake/packages/plausible/.lake/build/lib/lean:/Users/augustusthwack/Documents/Spectra/.lake/packages/mathlib/.lake/build/lib/lean:/Users/augustusthwack/Documents/Spectra/.lake/build/lib/lean /Users/augustusthwack/.elan/toolchains/leanprover--lean4---v4.31.0-rc1/bin/lean /Users/augustusthwack/Documents/Spectra/Spectra/Uncertainty/Heisenberg.lean -o /Users/augustusthwack/Documents/Spectra/.lake/build/lib/lean/Spectra/Uncertainty/Heisenberg.olean -i /Users/augustusthwack/Documents/Spectra/.lake/build/lib/lean/Spectra/Uncertainty/Heisenberg.ilean -c /Users/augustusthwack/Documents/Spectra/.lake/build/ir/Spectra/Uncertainty/Heisenberg.c --setup /Users/augustusthwack/Documents/Spectra/.lake/build/ir/Spectra/Uncertainty/Heisenberg.setup.json --json",
   "level": "trace"}],
 "inputs":
 [["Spectra.Uncertainty.Heisenberg:deps",
   [["deps",
     [["Spectra/Spectra:extraDep", [["@Spectra:extraDep", "00000000000006bb"]]],
      ["imports",
       [["Spectra.Uncertainty.Schrodinger transitive imports (legacy)",
         "bf809fa81b375d4e"],
        ["Spectra.Uncertainty.Schrodinger:importAllArts",
         "fd9fcdacd4677156"]]]]],
    ["libs",
     [["import dynlibs", "00000000000006bb"],
      ["package external libraries", "00000000000006bb"],
      ["module dynlibs", "00000000000006bb"],
      ["module plugins", "00000000000006bb"]]]]],
  ["Lean 4.31.0, commit fd009949156901e6cf15b6d9bf1122294b8e697a",
   "148386281e429e9a"],
  ["/Users/augustusthwack/Documents/Spectra/Spectra/Uncertainty/Heisenberg.lean",
   "66710d04c2b4dbaf"],
  ["options", "00000000000006bb"],
  ["isModule: false", "feefd2a0d3a1847e"],
  ["Module.name: Spectra.Uncertainty.Heisenberg", "508511f4b26f3e77"],
  ["Package.id?: (some Spectra)", "de880eb060c0010b"],
  ["Module.leanArgs: #[]", "00000000000006bb"]],
 "depHash": "170dfae09d7e6ac5"}