{"synthetic": false,
 "schemaVersion": "2025-09-10",
 "outputs":
 {"o": ["755cd02d48ad5474.olean"],
  "m": false,
  "i": "4b05dfd95268022d.ilean",
  "c": "fdf1437aa06fafb1.c"},
 "log":
 [{"message":
   ".> LEAN_PATH=/Users/augustusthwack/Documents/Spectra/.lake/packages/Cli/.lake/build/lib/lean:/Users/augustusthwack/Documents/Spectra/.lake/packages/batteries/.lake/build/lib/lean:/Users/augustusthwack/Documents/Spectra/.lake/packages/Qq/.lake/build/lib/lean:/Users/augustusthwack/Documents/Spectra/.lake/packages/aesop/.lake/build/lib/lean:/Users/augustusthwack/Documents/Spectra/.lake/packages/proofwidgets/.lake/build/lib/lean:/Users/augustusthwack/Documents/Spectra/.lake/packages/importGraph/.lake/build/lib/lean:/Users/augustusthwack/Documents/Spectra/.lake/packages/LeanSearchClient/.lake/build/lib/lean:/Users/augustusthwack/Documents/Spectra/.lake/packages/plausible/.lake/build/lib/lean:/Users/augustusthwack/Documents/Spectra/.lake/packages/mathlib/.lake/build/lib/lean:/Users/augustusthwack/Documents/Spectra/.lake/build/lib/lean /Users/augustusthwack/.elan/toolchains/leanprover--lean4---v4.31.0-rc1/bin/lean /Users/augustusthwack/Documents/Spectra/Spectra/Uncertainty/Robertson.lean -o /Users/augustusthwack/Documents/Spectra/.lake/build/lib/lean/Spectra/Uncertainty/Robertson.olean -i /Users/augustusthwack/Documents/Spectra/.lake/build/lib/lean/Spectra/Uncertainty/Robertson.ilean -c /Users/augustusthwack/Documents/Spectra/.lake/build/ir/Spectra/Uncertainty/Robertson.c --setup /Users/augustusthwack/Documents/Spectra/.lake/build/ir/Spectra/Uncertainty/Robertson.setup.json --json",
   "level": "trace"}],
 "inputs":
 [["Spectra.Uncertainty.Robertson:deps",
   [["deps",
     [["Spectra/Spectra:extraDep", [["@Spectra:extraDep", "00000000000006bb"]]],
      ["imports",
       [["Spectra.Uncertainty.UnboundedOb transitive imports (legacy)",
         "f02eeabe45b5e13e"],
        ["Spectra.Uncertainty.UnboundedOb:importAllArts",
         "d2e268189bee60ee"]]]]],
    ["libs",
     [["import dynlibs", "00000000000006bb"],
      ["package external libraries", "00000000000006bb"],
      ["module dynlibs", "00000000000006bb"],
      ["module plugins", "00000000000006bb"]]]]],
  ["Lean 4.31.0, commit fd009949156901e6cf15b6d9bf1122294b8e697a",
   "148386281e429e9a"],
  ["/Users/augustusthwack/Documents/Spectra/Spectra/Uncertainty/Robertson.lean",
   "fb79f9832e88ac64"],
  ["options", "00000000000006bb"],
  ["isModule: false", "feefd2a0d3a1847e"],
  ["Module.name: Spectra.Uncertainty.Robertson", "8cc2a753754d4875"],
  ["Package.id?: (some Spectra)", "de880eb060c0010b"],
  ["Module.leanArgs: #[]", "00000000000006bb"]],
 "depHash": "d5321bfb515c5e59"}