{"synthetic": false,
 "schemaVersion": "2025-09-10",
 "outputs":
 {"o": ["1e8b5e405d382908.olean"],
  "m": false,
  "i": "fb1b84c0e1439a5b.ilean",
  "c": "b8f7574fb3077831.c"},
 "log":
 [{"message":
   ".> LEAN_PATH=/Users/augustusthwack/Documents/Spectra/.lake/packages/Cli/.lake/build/lib/lean:/Users/augustusthwack/Documents/Spectra/.lake/packages/batteries/.lake/build/lib/lean:/Users/augustusthwack/Documents/Spectra/.lake/packages/Qq/.lake/build/lib/lean:/Users/augustusthwack/Documents/Spectra/.lake/packages/aesop/.lake/build/lib/lean:/Users/augustusthwack/Documents/Spectra/.lake/packages/proofwidgets/.lake/build/lib/lean:/Users/augustusthwack/Documents/Spectra/.lake/packages/importGraph/.lake/build/lib/lean:/Users/augustusthwack/Documents/Spectra/.lake/packages/LeanSearchClient/.lake/build/lib/lean:/Users/augustusthwack/Documents/Spectra/.lake/packages/plausible/.lake/build/lib/lean:/Users/augustusthwack/Documents/Spectra/.lake/packages/mathlib/.lake/build/lib/lean:/Users/augustusthwack/Documents/Spectra/.lake/build/lib/lean /Users/augustusthwack/.elan/toolchains/leanprover--lean4---v4.31.0-rc1/bin/lean /Users/augustusthwack/Documents/Spectra/Spectra/Uncertainty/UnboundedOb.lean -o /Users/augustusthwack/Documents/Spectra/.lake/build/lib/lean/Spectra/Uncertainty/UnboundedOb.olean -i /Users/augustusthwack/Documents/Spectra/.lake/build/lib/lean/Spectra/Uncertainty/UnboundedOb.ilean -c /Users/augustusthwack/Documents/Spectra/.lake/build/ir/Spectra/Uncertainty/UnboundedOb.c --setup /Users/augustusthwack/Documents/Spectra/.lake/build/ir/Spectra/Uncertainty/UnboundedOb.setup.json --json",
   "level": "trace"}],
 "inputs":
 [["Spectra.Uncertainty.UnboundedOb:deps",
   [["deps",
     [["Spectra/Spectra:extraDep", [["@Spectra:extraDep", "00000000000006bb"]]],
      ["imports",
       [["Spectra.Uncertainty.SymmetricOp transitive imports (legacy)",
         "3d8dfe052cfaec3f"],
        ["Spectra.Uncertainty.SymmetricOp:importAllArts",
         "817825ed86263c1d"]]]]],
    ["libs",
     [["import dynlibs", "00000000000006bb"],
      ["package external libraries", "00000000000006bb"],
      ["module dynlibs", "00000000000006bb"],
      ["module plugins", "00000000000006bb"]]]]],
  ["Lean 4.31.0, commit fd009949156901e6cf15b6d9bf1122294b8e697a",
   "148386281e429e9a"],
  ["/Users/augustusthwack/Documents/Spectra/Spectra/Uncertainty/UnboundedOb.lean",
   "9e4051ee72639a1f"],
  ["options", "00000000000006bb"],
  ["isModule: false", "feefd2a0d3a1847e"],
  ["Module.name: Spectra.Uncertainty.UnboundedOb", "e818abd2da26fbfe"],
  ["Package.id?: (some Spectra)", "de880eb060c0010b"],
  ["Module.leanArgs: #[]", "00000000000006bb"]],
 "depHash": "abdced4d36e24f97"}