{"synthetic": false,
 "schemaVersion": "2025-09-10",
 "outputs":
 {"o": ["729c2fc247ec96ef.olean"],
  "m": false,
  "i": "5791d49bb4eef31c.ilean",
  "c": "b076690031567c52.c"},
 "log":
 [{"message":
   ".> LEAN_PATH=/Users/augustusthwack/Documents/Spectra/.lake/packages/Cli/.lake/build/lib/lean:/Users/augustusthwack/Documents/Spectra/.lake/packages/batteries/.lake/build/lib/lean:/Users/augustusthwack/Documents/Spectra/.lake/packages/Qq/.lake/build/lib/lean:/Users/augustusthwack/Documents/Spectra/.lake/packages/aesop/.lake/build/lib/lean:/Users/augustusthwack/Documents/Spectra/.lake/packages/proofwidgets/.lake/build/lib/lean:/Users/augustusthwack/Documents/Spectra/.lake/packages/importGraph/.lake/build/lib/lean:/Users/augustusthwack/Documents/Spectra/.lake/packages/LeanSearchClient/.lake/build/lib/lean:/Users/augustusthwack/Documents/Spectra/.lake/packages/plausible/.lake/build/lib/lean:/Users/augustusthwack/Documents/Spectra/.lake/packages/mathlib/.lake/build/lib/lean:/Users/augustusthwack/Documents/Spectra/.lake/build/lib/lean /Users/augustusthwack/.elan/toolchains/leanprover--lean4---v4.31.0-rc1/bin/lean /Users/augustusthwack/Documents/Spectra/Spectra/Uncertainty.lean -o /Users/augustusthwack/Documents/Spectra/.lake/build/lib/lean/Spectra/Uncertainty.olean -i /Users/augustusthwack/Documents/Spectra/.lake/build/lib/lean/Spectra/Uncertainty.ilean -c /Users/augustusthwack/Documents/Spectra/.lake/build/ir/Spectra/Uncertainty.c --setup /Users/augustusthwack/Documents/Spectra/.lake/build/ir/Spectra/Uncertainty.setup.json --json",
   "level": "trace"}],
 "inputs":
 [["Spectra.Uncertainty:deps",
   [["deps",
     [["Spectra/Spectra:extraDep", [["@Spectra:extraDep", "00000000000006bb"]]],
      ["imports",
       [["Spectra.Uncertainty.Basic transitive imports (legacy)",
         "4a0f616b2d5efe0d"],
        ["Spectra.Uncertainty.Basic:importAllArts", "284b4106cf931524"],
        ["Spectra.Uncertainty.Heisenberg transitive imports (legacy)",
         "88ae88fe2dea8c97"],
        ["Spectra.Uncertainty.Heisenberg:importAllArts", "fcbc024829e5daf2"],
        ["Spectra.Uncertainty.Robertson transitive imports (legacy)",
         "4df7519729a76018"],
        ["Spectra.Uncertainty.Robertson:importAllArts", "b50ff2a89700dcea"],
        ["Spectra.Uncertainty.Schrodinger transitive imports (legacy)",
         "bf809fa81b375d4e"],
        ["Spectra.Uncertainty.Schrodinger:importAllArts",
         "fd9fcdacd4677156"]]]]],
    ["libs",
     [["import dynlibs", "00000000000006bb"],
      ["package external libraries", "00000000000006bb"],
      ["module dynlibs", "00000000000006bb"],
      ["module plugins", "00000000000006bb"]]]]],
  ["Lean 4.31.0, commit fd009949156901e6cf15b6d9bf1122294b8e697a",
   "148386281e429e9a"],
  ["/Users/augustusthwack/Documents/Spectra/Spectra/Uncertainty.lean",
   "1bed354720c0ea7f"],
  ["options", "00000000000006bb"],
  ["isModule: false", "feefd2a0d3a1847e"],
  ["Module.name: Spectra.Uncertainty", "10d95d97d22c088f"],
  ["Package.id?: (some Spectra)", "de880eb060c0010b"],
  ["Module.leanArgs: #[]", "00000000000006bb"]],
 "depHash": "7e2e5395b3a0e0c1"}