{"synthetic": false,
 "schemaVersion": "2025-09-10",
 "outputs":
 {"o": ["66e07484c790c67d.olean"],
  "m": false,
  "i": "28682ded9119c7cf.ilean",
  "c": "64867f66e09fc736.c"},
 "log":
 [{"message":
   ".> LEAN_PATH=/Users/augustusthwack/Documents/Spectra/.lake/packages/Cli/.lake/build/lib/lean:/Users/augustusthwack/Documents/Spectra/.lake/packages/batteries/.lake/build/lib/lean:/Users/augustusthwack/Documents/Spectra/.lake/packages/Qq/.lake/build/lib/lean:/Users/augustusthwack/Documents/Spectra/.lake/packages/aesop/.lake/build/lib/lean:/Users/augustusthwack/Documents/Spectra/.lake/packages/proofwidgets/.lake/build/lib/lean:/Users/augustusthwack/Documents/Spectra/.lake/packages/importGraph/.lake/build/lib/lean:/Users/augustusthwack/Documents/Spectra/.lake/packages/LeanSearchClient/.lake/build/lib/lean:/Users/augustusthwack/Documents/Spectra/.lake/packages/plausible/.lake/build/lib/lean:/Users/augustusthwack/Documents/Spectra/.lake/packages/mathlib/.lake/build/lib/lean:/Users/augustusthwack/Documents/Spectra/.lake/build/lib/lean /Users/augustusthwack/.elan/toolchains/leanprover--lean4---v4.31.0-rc1/bin/lean /Users/augustusthwack/Documents/Spectra/Spectra/UnitaryGroups/BochnerIntegration/Basic.lean -o /Users/augustusthwack/Documents/Spectra/.lake/build/lib/lean/Spectra/UnitaryGroups/BochnerIntegration/Basic.olean -i /Users/augustusthwack/Documents/Spectra/.lake/build/lib/lean/Spectra/UnitaryGroups/BochnerIntegration/Basic.ilean -c /Users/augustusthwack/Documents/Spectra/.lake/build/ir/Spectra/UnitaryGroups/BochnerIntegration/Basic.c --setup /Users/augustusthwack/Documents/Spectra/.lake/build/ir/Spectra/UnitaryGroups/BochnerIntegration/Basic.setup.json --json",
   "level": "trace"}],
 "inputs":
 [["Spectra.UnitaryGroups.BochnerIntegration.Basic:deps",
   [["deps",
     [["Spectra/Spectra:extraDep", [["@Spectra:extraDep", "00000000000006bb"]]],
      ["imports",
       [["Mathlib.Probability.Distributions.Gaussian.Real transitive imports (legacy)",
         "a9bb1b0ecade06c6"],
        ["Mathlib.Probability.Distributions.Gaussian.Real:importAllArts",
         "ca235bfae3cc739a"]]]]],
    ["libs",
     [["import dynlibs", "00000000000006bb"],
      ["package external libraries", "00000000000006bb"],
      ["module dynlibs", "00000000000006bb"],
      ["module plugins", "00000000000006bb"]]]]],
  ["Lean 4.31.0, commit fd009949156901e6cf15b6d9bf1122294b8e697a",
   "148386281e429e9a"],
  ["/Users/augustusthwack/Documents/Spectra/Spectra/UnitaryGroups/BochnerIntegration/Basic.lean",
   "8915827303717918"],
  ["options", "00000000000006bb"],
  ["isModule: false", "feefd2a0d3a1847e"],
  ["Module.name: Spectra.UnitaryGroups.BochnerIntegration.Basic",
   "2ba21f960bf5aed1"],
  ["Package.id?: (some Spectra)", "de880eb060c0010b"],
  ["Module.leanArgs: #[]", "00000000000006bb"]],
 "depHash": "8fef2eb4e8a3ee7f"}