{"synthetic": false,
 "schemaVersion": "2025-09-10",
 "outputs":
 {"o": ["b023ad1c072cd985.olean"],
  "m": false,
  "i": "55cae68e455c7abd.ilean",
  "c": "ca654f1a9c0c7af9.c"},
 "log":
 [{"message":
   ".> LEAN_PATH=/Users/augustusthwack/Documents/Spectra/.lake/packages/Cli/.lake/build/lib/lean:/Users/augustusthwack/Documents/Spectra/.lake/packages/batteries/.lake/build/lib/lean:/Users/augustusthwack/Documents/Spectra/.lake/packages/Qq/.lake/build/lib/lean:/Users/augustusthwack/Documents/Spectra/.lake/packages/aesop/.lake/build/lib/lean:/Users/augustusthwack/Documents/Spectra/.lake/packages/proofwidgets/.lake/build/lib/lean:/Users/augustusthwack/Documents/Spectra/.lake/packages/importGraph/.lake/build/lib/lean:/Users/augustusthwack/Documents/Spectra/.lake/packages/LeanSearchClient/.lake/build/lib/lean:/Users/augustusthwack/Documents/Spectra/.lake/packages/plausible/.lake/build/lib/lean:/Users/augustusthwack/Documents/Spectra/.lake/packages/mathlib/.lake/build/lib/lean:/Users/augustusthwack/Documents/Spectra/.lake/build/lib/lean /Users/augustusthwack/.elan/toolchains/leanprover--lean4---v4.31.0-rc1/bin/lean /Users/augustusthwack/Documents/Spectra/Spectra/UnboundedObservables/Basic.lean -o /Users/augustusthwack/Documents/Spectra/.lake/build/lib/lean/Spectra/UnboundedObservables/Basic.olean -i /Users/augustusthwack/Documents/Spectra/.lake/build/lib/lean/Spectra/UnboundedObservables/Basic.ilean -c /Users/augustusthwack/Documents/Spectra/.lake/build/ir/Spectra/UnboundedObservables/Basic.c --setup /Users/augustusthwack/Documents/Spectra/.lake/build/ir/Spectra/UnboundedObservables/Basic.setup.json --json",
   "level": "trace"}],
 "inputs":
 [["Spectra.UnboundedObservables.Basic:deps",
   [["deps",
     [["Spectra/Spectra:extraDep", [["@Spectra:extraDep", "00000000000006bb"]]],
      ["imports",
       [["Mathlib.Analysis.InnerProductSpace.Basic transitive imports (legacy)",
         "e4cc3168a1f683c7"],
        ["Mathlib.Analysis.InnerProductSpace.Basic:importAllArts",
         "6932fcc2a0970f70"],
        ["Mathlib.Analysis.InnerProductSpace.Projection.Basic transitive imports (legacy)",
         "7f9d0dcfdc8ebcc0"],
        ["Mathlib.Analysis.InnerProductSpace.Projection.Basic:importAllArts",
         "94130ab362ee10c9"],
        ["Mathlib.Analysis.InnerProductSpace.Dual transitive imports (legacy)",
         "a25306b2c0ade83c"],
        ["Mathlib.Analysis.InnerProductSpace.Dual:importAllArts",
         "56acaf83d2ff8dbc"],
        ["Mathlib.Topology.MetricSpace.Basic transitive imports (legacy)",
         "987b716b8fc10695"],
        ["Mathlib.Topology.MetricSpace.Basic:importAllArts",
         "b35efac02a32c02c"],
        ["Mathlib.Data.Complex.Basic transitive imports (legacy)",
         "7b669b8a338b7cb7"],
        ["Mathlib.Data.Complex.Basic:importAllArts", "79b38a570e320181"]]]]],
    ["libs",
     [["import dynlibs", "00000000000006bb"],
      ["package external libraries", "00000000000006bb"],
      ["module dynlibs", "00000000000006bb"],
      ["module plugins", "00000000000006bb"]]]]],
  ["Lean 4.31.0, commit fd009949156901e6cf15b6d9bf1122294b8e697a",
   "148386281e429e9a"],
  ["/Users/augustusthwack/Documents/Spectra/Spectra/UnboundedObservables/Basic.lean",
   "c0de324eb2a0de8d"],
  ["options", "00000000000006bb"],
  ["isModule: false", "feefd2a0d3a1847e"],
  ["Module.name: Spectra.UnboundedObservables.Basic", "0e33191192ed59c2"],
  ["Package.id?: (some Spectra)", "de880eb060c0010b"],
  ["Module.leanArgs: #[]", "00000000000006bb"]],
 "depHash": "f4124d127ae35c02"}