{"synthetic": false,
 "schemaVersion": "2025-09-10",
 "outputs":
 {"o": ["c388f827a8236863.olean"],
  "m": false,
  "i": "6d728c47a8a8472c.ilean",
  "c": "f5fb3ef3b349ca12.c"},
 "log":
 [{"message":
   ".> LEAN_PATH=/Users/augustusthwack/Documents/Spectra/.lake/packages/Cli/.lake/build/lib/lean:/Users/augustusthwack/Documents/Spectra/.lake/packages/batteries/.lake/build/lib/lean:/Users/augustusthwack/Documents/Spectra/.lake/packages/Qq/.lake/build/lib/lean:/Users/augustusthwack/Documents/Spectra/.lake/packages/aesop/.lake/build/lib/lean:/Users/augustusthwack/Documents/Spectra/.lake/packages/proofwidgets/.lake/build/lib/lean:/Users/augustusthwack/Documents/Spectra/.lake/packages/importGraph/.lake/build/lib/lean:/Users/augustusthwack/Documents/Spectra/.lake/packages/LeanSearchClient/.lake/build/lib/lean:/Users/augustusthwack/Documents/Spectra/.lake/packages/plausible/.lake/build/lib/lean:/Users/augustusthwack/Documents/Spectra/.lake/packages/mathlib/.lake/build/lib/lean:/Users/augustusthwack/Documents/Spectra/.lake/build/lib/lean /Users/augustusthwack/.elan/toolchains/leanprover--lean4---v4.31.0-rc1/bin/lean /Users/augustusthwack/Documents/Spectra/Spectra/UnboundedObservables/Robertson.lean -o /Users/augustusthwack/Documents/Spectra/.lake/build/lib/lean/Spectra/UnboundedObservables/Robertson.olean -i /Users/augustusthwack/Documents/Spectra/.lake/build/lib/lean/Spectra/UnboundedObservables/Robertson.ilean -c /Users/augustusthwack/Documents/Spectra/.lake/build/ir/Spectra/UnboundedObservables/Robertson.c --setup /Users/augustusthwack/Documents/Spectra/.lake/build/ir/Spectra/UnboundedObservables/Robertson.setup.json --json",
   "level": "trace"}],
 "inputs":
 [["Spectra.UnboundedObservables.Robertson:deps",
   [["deps",
     [["Spectra/Spectra:extraDep", [["@Spectra:extraDep", "00000000000006bb"]]],
      ["imports",
       [["Spectra.UnboundedObservables.Basic transitive imports (legacy)",
         "4a0f616b2d5efe0d"],
        ["Spectra.UnboundedObservables.Basic:importAllArts",
         "91e94b6a9ba1f430"]]]]],
    ["libs",
     [["import dynlibs", "00000000000006bb"],
      ["package external libraries", "00000000000006bb"],
      ["module dynlibs", "00000000000006bb"],
      ["module plugins", "00000000000006bb"]]]]],
  ["Lean 4.31.0, commit fd009949156901e6cf15b6d9bf1122294b8e697a",
   "148386281e429e9a"],
  ["/Users/augustusthwack/Documents/Spectra/Spectra/UnboundedObservables/Robertson.lean",
   "2d467ac1a773fa4a"],
  ["options", "00000000000006bb"],
  ["isModule: false", "feefd2a0d3a1847e"],
  ["Module.name: Spectra.UnboundedObservables.Robertson", "9ce86861b7a7bc34"],
  ["Package.id?: (some Spectra)", "de880eb060c0010b"],
  ["Module.leanArgs: #[]", "00000000000006bb"]],
 "depHash": "d564e20fa21e8a6f"}